
> nextjs-contentful-portfolio@1.0.0 build
> next build

  Γû▓ Next.js 14.2.30
  - Environments: .env

   Creating an optimized production build ...
uncaughtException [Error: EPERM: operation not permitted, open 'C:\Users\jeroe\Documents\nextjs-contentful-portfolio\.next\trace'] {
  errno: -4048,
  code: 'EPERM',
  syscall: 'open',
  path: 'C:\\Users\\jeroe\\Documents\\nextjs-contentful-portfolio\\.next\\trace'
}
